\BOOKMARK [1][-]{section*.2}{\376\377\221\315\160\271\147\266\147\204\116\016\142\147\210\114\151\202\211\310\000\040\000\050\000E\000x\000e\000c\000u\000t\000i\000v\000e\000\040\000S\000u\000m\000m\000a\000r\000y\000\051}{}% 1
\BOOKMARK [1][-]{section.1}{\376\377\133\236\232\214\117\123\174\373\140\073\213\272\000\040\000\050\000S\000y\000s\000t\000e\000m\000\040\000O\000v\000e\000r\000v\000i\000e\000w\000\051}{}% 2
\BOOKMARK [2][-]{subsection.1.1}{\376\377\170\024\172\166\166\356\150\007}{section.1}% 3
\BOOKMARK [2][-]{subsection.1.2}{\376\377\152\041\127\213\213\255\176\303\116\016\217\333\134\125\151\202\211\310}{section.1}% 4
\BOOKMARK [1][-]{section.2}{\376\377\232\330\176\364\145\160\143\156\224\376\215\357\116\016\213\304\116\367\225\355\163\257\000\040\000\050\000D\000a\000t\000a\000\040\000\046\000\040\000R\000i\000g\000o\000r\000o\000u\000s\000\040\000E\000v\000a\000l\000u\000a\000t\000i\000o\000n\000\040\000B\000o\000u\000n\000d\000s\000\051}{}% 5
\BOOKMARK [2][-]{subsection.2.1}{\376\377\145\160\143\156\213\276\213\241\123\237\122\031}{section.2}% 6
\BOOKMARK [2][-]{subsection.2.2}{\376\377\116\073\211\201\145\160\143\156\226\306\151\202\211\310}{section.2}% 7
\BOOKMARK [2][-]{subsection.2.3}{\376\377\155\367\124\010\127\337\116\045\150\074\000\040\000h\000o\000l\000d\000o\000u\000t}{section.2}% 8
\BOOKMARK [2][-]{subsection.2.4}{\376\377\221\317\133\120\116\045\150\074\000\040\000h\000o\000l\000d\000o\000u\000t}{section.2}% 9
\BOOKMARK [2][-]{subsection.2.5}{\376\377\000p\000r\000o\000m\000p\000t\000\040\000f\000a\000m\000i\000l\000y\000\040\122\022\122\006}{section.2}% 10
\BOOKMARK [2][-]{subsection.2.6}{\376\377\150\067\147\054\221\115\230\235}{section.2}% 11
\BOOKMARK [2][-]{subsection.2.7}{\376\377\000C\000a\000t\000e\000g\000o\000r\000y\000\040\116\016\000\040\000P\000r\000o\000m\000p\000t\000\040\000F\000a\000m\000i\000l\000y\000\040\176\306\122\006}{section.2}% 12
\BOOKMARK [2][-]{subsection.2.8}{\376\377\137\353\217\355\116\343\133\120\226\306\116\016\226\276\117\213\133\120\226\306}{section.2}% 13
\BOOKMARK [2][-]{subsection.2.9}{\376\377\000G\000e\000m\000m\000a\000\040\000r\000o\000u\000t\000e\000r\000\040\000w\000a\000r\000m\000u\000p\000\040\145\160\143\156}{section.2}% 14
\BOOKMARK [2][-]{subsection.2.10}{\376\377\000G\000e\000m\000m\000a\000\040\215\357\165\061\000\040\000W\000a\000r\000m\000u\000p\000\040\145\160\143\156\217\271\165\114}{section.2}% 15
\BOOKMARK [2][-]{subsection.2.11}{\376\377\133\236\232\214\176\252\137\213}{section.2}% 16
\BOOKMARK [2][-]{subsection.2.12}{\376\377\134\017\176\323}{section.2}% 17
\BOOKMARK [1][-]{section.3}{\376\377\152\041\127\213\124\016\213\255\176\303\147\266\147\204\377\032\230\204\214\003\116\016\123\315\231\210\176\240\153\143\000\040\000\050\000P\000o\000s\000t\000-\000t\000r\000a\000i\000n\000i\000n\000g\000\040\000M\000e\000t\000h\000o\000d\000s\000\051}{}% 18
\BOOKMARK [2][-]{subsection.3.1}{\376\377\173\227\154\325\150\010\140\073\211\310}{section.3}% 19
\BOOKMARK [2][-]{subsection.3.2}{\376\377\000S\000F\000T\000\040\116\073\136\162}{section.3}% 20
\BOOKMARK [2][-]{subsection.3.3}{\376\377\220\011\142\351\140\047\213\255\176\303\143\247\122\066}{section.3}% 21
\BOOKMARK [2][-]{subsection.3.4}{\376\377\000G\000e\000m\000m\000a\000\040\000M\000o\000E\000\040\137\256\214\003\173\126\165\145}{section.3}% 22
\BOOKMARK [2][-]{subsection.3.5}{\376\377\000S\000F\000T\000\040\236\330\213\244\123\302\145\160}{section.3}% 23
\BOOKMARK [2][-]{subsection.3.6}{\376\377\000G\000R\000P\000O\000\040\116\073\136\162}{section.3}% 24
\BOOKMARK [2][-]{subsection.3.7}{\376\377\131\032\215\357\000\040\000r\000e\000w\000a\000r\000d\000\040\122\006\211\343}{section.3}% 25
\BOOKMARK [2][-]{subsection.3.8}{\376\377\000C\000u\000r\000r\000i\000c\000u\000l\000u\000m\000\040\116\016\201\352\220\002\136\224\156\051\136\246}{section.3}% 26
\BOOKMARK [2][-]{subsection.3.9}{\376\377\000G\000R\000P\000O\000\040\236\330\213\244\123\302\145\160}{section.3}% 27
\BOOKMARK [2][-]{subsection.3.10}{\376\377\000G\000R\000P\000O\000\040\116\000\123\345\213\335\151\202\142\354}{section.3}% 28
\BOOKMARK [2][-]{subsection.3.11}{\376\377\170\024\172\166\145\271\154\325\143\322\116\366\147\072\122\066}{section.3}% 29
\BOOKMARK [2][-]{subsection.3.12}{\376\377\135\362\133\236\163\260\166\204\121\155\116\052\143\322\116\366}{section.3}% 30
\BOOKMARK [2][-]{subsection.3.13}{\376\377\143\322\116\366\000\040\0001\377\032\000V\000e\000r\000i\000f\000i\000e\000r\000-\000G\000u\000i\000d\000e\000d\000\040\000R\000e\000p\000a\000i\000r\000\040\000C\000u\000r\000r\000i\000c\000u\000l\000u\000m}{section.3}% 31
\BOOKMARK [2][-]{subsection.3.14}{\376\377\143\322\116\366\000\040\0002\377\032\000C\000l\000a\000u\000s\000e\000-\000A\000w\000a\000r\000e\000\040\000V\000e\000r\000i\000f\000i\000e\000r\000\040\000R\000e\000w\000a\000r\000d}{section.3}% 32
\BOOKMARK [2][-]{subsection.3.15}{\376\377\143\322\116\366\000\040\0003\377\032\000A\000S\000T\000\040\000A\000n\000c\000h\000o\000r\000\040\000I\000n\000t\000e\000r\000f\000a\000c\000e\000\040\000G\000r\000o\000u\000n\000d\000i\000n\000g}{section.3}% 33
\BOOKMARK [2][-]{subsection.3.16}{\376\377\143\322\116\366\000\040\0004\377\032\000B\000e\000h\000a\000v\000i\000o\000r\000\040\000A\000n\000c\000h\000o\000r\000\040\000C\000o\000v\000e\000r\000a\000g\000e\000\040\000R\000e\000w\000a\000r\000d}{section.3}% 34
\BOOKMARK [2][-]{subsection.3.17}{\376\377\143\322\116\366\000\040\0005\377\032\000S\000e\000l\000f\000-\000C\000o\000n\000s\000i\000s\000t\000e\000n\000c\000y\000\040\000V\000e\000r\000i\000f\000i\000e\000r\000\040\000R\000o\000u\000t\000i\000n\000g}{section.3}% 35
\BOOKMARK [2][-]{subsection.3.18}{\376\377\143\322\116\366\000\040\0006\377\032\000U\000n\000c\000e\000r\000t\000a\000i\000n\000t\000y\000-\000T\000r\000i\000g\000g\000e\000r\000e\000d\000\040\000R\000e\000p\000a\000i\000r\000\040\000R\000e\000p\000l\000a\000y}{section.3}% 36
\BOOKMARK [2][-]{subsection.3.19}{\376\377\143\322\116\366\116\016\000\040\000b\000e\000n\000c\000h\000m\000a\000r\000k\000\040\166\204\133\371\136\224\121\163\174\373}{section.3}% 37
\BOOKMARK [2][-]{subsection.3.20}{\376\377\000T\000u\000r\000b\000o\000Q\000u\000a\000n\000t\000\040\143\250\164\006\117\030\123\026}{section.3}% 38
\BOOKMARK [2][-]{subsection.3.21}{\376\377\134\017\176\323}{section.3}% 39
\BOOKMARK [1][-]{section.4}{\376\377\116\221\123\237\165\037\226\306\177\244\116\016\135\345\172\013\232\214\213\301\000\040\000\050\000H\000a\000r\000d\000w\000a\000r\000e\000\040\000\046\000\040\000C\000o\000m\000p\000u\000t\000i\000n\000g\000\040\000C\000l\000u\000s\000t\000e\000r\000s\000\051}{}% 40
\BOOKMARK [2][-]{subsection.4.1}{\376\377\173\227\122\233\176\304\176\307\145\271\137\017}{section.4}% 41
\BOOKMARK [2][-]{subsection.4.2}{\376\377\135\362\137\122\150\143\213\255\176\303\143\007\150\007}{section.4}% 42
\BOOKMARK [2][-]{subsection.4.3}{\376\377\213\255\176\303\146\362\176\277\121\163\225\056\202\202\160\271}{section.4}% 43
\BOOKMARK [2][-]{subsection.4.4}{\376\377\0008\000-\000N\000P\000U\000\040\137\353\217\355\116\343\135\345\116\366}{section.4}% 44
\BOOKMARK [2][-]{subsection.4.5}{\376\377\000G\000e\000m\000m\000a\000\040\116\073\176\277\137\123\122\115\217\333\134\125\116\016\116\013\116\000\153\145}{section.4}% 45
\BOOKMARK [2][-]{subsection.4.6}{\376\377\000T\000i\000m\000e\000b\000o\000x\000e\000d\000\040\000P\000i\000p\000e\000l\000i\000n\000e}{section.4}% 46
\BOOKMARK [2][-]{subsection.4.7}{\376\377\134\017\176\323}{section.4}% 47
\BOOKMARK [1][-]{section.5}{\376\377\170\024\123\321\147\266\147\204\377\010\217\157\116\366\147\266\147\204\377\011}{}% 48
\BOOKMARK [2][-]{subsection.5.1}{\376\377\000L\000o\000c\000a\000l\000-\000f\000i\000r\000s\000t\000\040\143\247\122\066\227\142}{section.5}% 49
\BOOKMARK [2][-]{subsection.5.2}{\376\377\000a\000i\0002\000\040\217\334\172\357\135\345\117\134\166\356\137\125\116\016\215\104\116\247\122\006\136\003}{section.5}% 50
\BOOKMARK [3][-]{subsubsection.5.2.1}{\376\377\127\372\136\247\152\041\127\213}{subsection.5.2}% 51
\BOOKMARK [3][-]{subsubsection.5.2.2}{\376\377\145\160\143\156\226\306}{subsection.5.2}% 52
\BOOKMARK [3][-]{subsubsection.5.2.3}{\376\377\137\256\214\003\116\247\162\151\377\010\000a\000d\000a\000p\000t\000e\000r\377\011}{subsection.5.2}% 53
\BOOKMARK [3][-]{subsubsection.5.2.4}{\376\377\116\343\170\001\121\145\123\343\116\016\143\247\122\066\227\142\201\032\147\054}{subsection.5.2}% 54
\BOOKMARK [2][-]{subsection.5.3}{\376\377\143\247\122\066\227\142\176\304\116\366\116\016\200\114\215\043\217\271\165\114}{section.5}% 55
\BOOKMARK [2][-]{subsection.5.4}{\376\377\201\352\154\273\170\024\123\321\137\252\163\257}{section.5}% 56
\BOOKMARK [2][-]{subsection.5.5}{\376\377\213\255\176\303\126\150\116\016\143\322\116\366\166\204\122\006\134\102\213\276\213\241}{section.5}% 57
\BOOKMARK [2][-]{subsection.5.6}{\376\377\000S\0003\000\040\000R\000e\000l\000a\000y\000\040\124\014\153\145\147\072\122\066}{section.5}% 58
\BOOKMARK [2][-]{subsection.5.7}{\376\377\125\057\116\000\153\143\137\017\142\245\124\112\147\072\122\066}{section.5}% 59
\BOOKMARK [2][-]{subsection.5.8}{\376\377\134\017\176\323}{section.5}% 60
\BOOKMARK [1][-]{section.6}{\376\377\155\113\213\325\176\323\147\234}{}% 61
\BOOKMARK [2][-]{subsection.6.1}{\376\377\150\070\137\303\176\323\147\234}{section.6}% 62
\BOOKMARK [2][-]{subsection.6.2}{\376\377\213\304\155\113\145\271\154\325\116\016\123\357\117\341\136\246}{section.6}% 63
\BOOKMARK [2][-]{subsection.6.3}{\376\377\123\302\200\003\211\343\120\145\136\267\136\246}{section.6}% 64
\BOOKMARK [2][-]{subsection.6.4}{\376\377\213\346\176\306\176\323\147\234\122\006\147\220}{section.6}% 65
\BOOKMARK [3][-]{subsubsection.6.4.1}{\376\377\000O\000m\000n\000i\000C\000o\000d\000e\000r\000\040\0008\000-\000N\000P\000U\000\040\213\304\155\113\135\345\116\366}{subsection.6.4}% 66
\BOOKMARK [3][-]{subsubsection.6.4.2}{\376\377\000Q\000w\000e\000n\000\040\116\045\150\074\221\317\133\120\000\040\000h\000o\000l\000d\000o\000u\000t\000\040\127\372\176\277}{subsection.6.4}% 67
\BOOKMARK [3][-]{subsubsection.6.4.3}{\376\377\143\245\123\343\134\102\176\306\202\202}{subsection.6.4}% 68
\BOOKMARK [3][-]{subsubsection.6.4.4}{\376\377\213\304\155\113\211\206\166\326\136\246}{subsection.6.4}% 69
\BOOKMARK [2][-]{subsection.6.5}{\376\377\213\255\176\303\143\007\150\007}{section.6}% 70
\BOOKMARK [2][-]{subsection.6.6}{\376\377\123\343\137\204\213\364\146\016}{section.6}% 71
\BOOKMARK [3][-]{subsubsection.6.6.1}{\376\377\0002\0004\000/\0002\0006\000\040\145\164\210\150\145\160\133\127}{subsection.6.6}% 72
\BOOKMARK [3][-]{subsubsection.6.6.2}{\376\377\000D\000e\000l\000i\000v\000e\000r\000y\000\040\000G\000a\000t\000e\000\040\123\343\137\204}{subsection.6.6}% 73
\BOOKMARK [3][-]{subsubsection.6.6.3}{\376\377\0008\000-\000N\000P\000U\000\040\137\353\217\355\116\343\135\345\116\366\133\214\145\164\136\246}{subsection.6.6}% 74
\BOOKMARK [2][-]{subsection.6.7}{\376\377\000G\000e\000m\000m\000a\000\040\155\113\213\325\162\266\140\001}{section.6}% 75
\BOOKMARK [2][-]{subsection.6.8}{\376\377\134\017\176\323}{section.6}% 76
\BOOKMARK [1][-]{section.7}{\376\377\140\073\176\323\116\016\116\013\116\000\153\145}{}% 77
\BOOKMARK [2][-]{subsection.7.1}{\376\377\137\123\122\115\217\333\134\125\140\073\211\310}{section.7}% 78
\BOOKMARK [2][-]{subsection.7.2}{\376\377\150\070\137\303\176\323\213\272}{section.7}% 79
\BOOKMARK [2][-]{subsection.7.3}{\376\377\116\013\116\000\153\145\135\345\117\134\143\222\136\217}{section.7}% 80
\BOOKMARK [2][-]{subsection.7.4}{\376\377\122\115\154\277\145\271\154\325\120\250\131\007}{section.7}% 81
\BOOKMARK [2][-]{subsection.7.5}{\376\377\116\032\165\114\122\115\154\277\142\200\147\057\133\371\150\007}{section.7}% 82
\BOOKMARK [2][-]{subsection.7.6}{\376\377\134\125\147\033}{section.7}% 83
\BOOKMARK [1][-]{appendix.A}{\376\377\226\104\137\125\000\040\000A\377\032\145\160\143\156\226\306\116\016\116\373\122\241\156\005\123\125}{}% 84
\BOOKMARK [2][-]{subsection.A.1}{\376\377\000A\000.\0001\000\040\145\160\143\156\226\306\156\005\123\125\116\016\165\050\220\024}{appendix.A}% 85
\BOOKMARK [2][-]{subsection.A.2}{\376\377\000A\000.\0002\000\040\221\317\133\120\116\373\122\241\156\005\123\125}{appendix.A}% 86
\BOOKMARK [2][-]{subsection.A.3}{\376\377\000A\000.\0003\000\040\217\157\116\366\116\373\122\241\156\005\123\125}{appendix.A}% 87
\BOOKMARK [2][-]{subsection.A.4}{\376\377\000A\000.\0004\000\040\116\045\150\074\000\040\000h\000o\000l\000d\000o\000u\000t\000\040\166\204\000\040\000t\000a\000s\000k\000\040\122\022\122\006}{appendix.A}% 88
\BOOKMARK [2][-]{subsection.A.5}{\376\377\000A\000.\0005\000\040\221\317\133\120\116\373\122\241\220\020\230\171\213\364\146\016}{appendix.A}% 89
\BOOKMARK [2][-]{subsection.A.6}{\376\377\000A\000.\0006\000\040\217\157\116\366\116\373\122\241\220\020\230\171\213\364\146\016}{appendix.A}% 90
\BOOKMARK [2][-]{subsection.A.7}{\376\377\000A\000.\0007\000\040\150\070\137\303\145\160\143\156\226\306\166\204\000\040\000c\000a\000t\000e\000g\000o\000r\000y\000\040\176\306\210\150}{appendix.A}% 91
\BOOKMARK [2][-]{subsection.A.8}{\376\377\000A\000.\0008\000\040\150\070\137\303\145\160\143\156\226\306\166\204\000\040\000p\000r\000o\000m\000p\000t\000\040\000f\000a\000m\000i\000l\000y\000\040\176\306\210\150}{appendix.A}% 92
\BOOKMARK [1][-]{appendix.B}{\376\377\226\104\137\125\000\040\000B\377\032\170\024\172\166\145\271\154\325\143\322\116\366\220\020\230\171\213\364\146\016}{}% 93
\BOOKMARK [2][-]{subsection.B.1}{\376\377\000B\000.\0001\000\040\143\322\116\366\143\245\123\343\144\130\211\201}{appendix.B}% 94
\BOOKMARK [2][-]{subsection.B.2}{\376\377\000B\000.\0002\000\040\000V\000e\000r\000i\000f\000i\000e\000r\000-\000G\000u\000i\000d\000e\000d\000\040\000R\000e\000p\000a\000i\000r\000\040\000C\000u\000r\000r\000i\000c\000u\000l\000u\000m}{appendix.B}% 95
\BOOKMARK [2][-]{subsection.B.3}{\376\377\000B\000.\0003\000\040\000C\000l\000a\000u\000s\000e\000-\000A\000w\000a\000r\000e\000\040\000V\000e\000r\000i\000f\000i\000e\000r\000\040\000R\000e\000w\000a\000r\000d}{appendix.B}% 96
\BOOKMARK [2][-]{subsection.B.4}{\376\377\000B\000.\0004\000\040\000A\000S\000T\000\040\000A\000n\000c\000h\000o\000r\000\040\000I\000n\000t\000e\000r\000f\000a\000c\000e\000\040\000G\000r\000o\000u\000n\000d\000i\000n\000g}{appendix.B}% 97
\BOOKMARK [2][-]{subsection.B.5}{\376\377\000B\000.\0005\000\040\000B\000e\000h\000a\000v\000i\000o\000r\000\040\000A\000n\000c\000h\000o\000r\000\040\000C\000o\000v\000e\000r\000a\000g\000e\000\040\000R\000e\000w\000a\000r\000d}{appendix.B}% 98
\BOOKMARK [2][-]{subsection.B.6}{\376\377\000B\000.\0006\000\040\000S\000e\000l\000f\000-\000C\000o\000n\000s\000i\000s\000t\000e\000n\000c\000y\000\040\000V\000e\000r\000i\000f\000i\000e\000r\000\040\000R\000o\000u\000t\000i\000n\000g}{appendix.B}% 99
\BOOKMARK [2][-]{subsection.B.7}{\376\377\000B\000.\0007\000\040\000U\000n\000c\000e\000r\000t\000a\000i\000n\000t\000y\000-\000T\000r\000i\000g\000g\000e\000r\000e\000d\000\040\000R\000e\000p\000a\000i\000r\000\040\000R\000e\000p\000l\000a\000y}{appendix.B}% 100
\BOOKMARK [2][-]{subsection.B.8}{\376\377\000B\000.\0008\000\040\000T\000u\000r\000b\000o\000Q\000u\000a\000n\000t}{appendix.B}% 101
\BOOKMARK [1][-]{appendix.C}{\376\377\226\104\137\125\000\040\000C\377\032\135\345\116\366\175\042\137\025\116\016\137\025\165\050\123\343\137\204}{}% 102
\BOOKMARK [2][-]{subsection.C.1}{\376\377\000C\000.\0002\000\040\145\160\133\127\137\025\165\050\167\351\226\065}{appendix.C}% 103
\BOOKMARK [2][-]{subsection.C.2}{\376\377\000C\000.\0003\000\040\213\255\176\303\116\016\155\113\213\325\000\040\000p\000r\000o\000v\000e\000n\000a\000n\000c\000e\000\040\166\204\147\000\134\017\137\025\165\050\123\125\121\103}{appendix.C}% 104
\BOOKMARK [1][-]{appendix.D}{\376\377\226\104\137\125\000\040\000D\377\032\121\163\225\056\124\175\116\344\116\016\131\015\163\260\133\236\232\214}{}% 105
\BOOKMARK [2][-]{subsection.D.1}{\376\377\000D\000.\0001\000\040\123\302\200\003\211\343\120\145\136\267\136\246\131\015\163\260\124\175\116\344}{appendix.D}% 106
\BOOKMARK [2][-]{subsection.D.2}{\376\377\000D\000.\0002\000\040\116\045\150\074\000\040\000h\000o\000l\000d\000o\000u\000t\000\040\213\332\117\341\150\041\232\214\124\175\116\344}{appendix.D}% 107
\BOOKMARK [2][-]{subsection.D.3}{\376\377\000D\000.\0003\000\040\137\123\122\115\000\040\0008\000-\000N\000P\000U\000\040\137\353\217\355\116\343\117\134\116\032\166\204\150\070\137\303\124\175\116\344\137\142\140\001}{appendix.D}% 108
\BOOKMARK [2][-]{subsection.D.4}{\376\377\000D\000.\0004\000\040\000G\000e\000m\000m\000a\000\040\147\054\127\060\147\000\134\017\116\013\116\000\153\145\133\236\232\214}{appendix.D}% 109
\BOOKMARK [2][-]{subsection.D.5}{\376\377\000D\000.\0005\000\040\142\245\124\112\177\026\213\321\124\175\116\344}{appendix.D}% 110
\BOOKMARK [1][-]{appendix.E}{\376\377\226\104\137\125\000\040\000E\377\032\213\255\176\303\217\320\210\114\220\020\153\145\143\007\150\007\144\130\137\125}{}% 111
\BOOKMARK [2][-]{subsection.E.1}{\376\377\000E\000.\0001\000\040\000Q\000w\000e\000n\000\040\0008\000\040\000N\000P\000U\000\040\000i\000n\000t\000e\000r\000f\000a\000c\000e\000-\000p\000r\000e\000f\000i\000x\000\040\000t\000r\000u\000e\0002\0000\000-\000e\0002\000\040\220\020\153\145\143\007\150\007}{appendix.E}% 112
\BOOKMARK [2][-]{subsection.E.2}{\376\377\000E\000.\0002\000\040\000Q\000w\000e\000n\000\040\0008\000\040\000N\000P\000U\000\040\000c\000o\000d\000e\000f\000i\000r\000s\000t\000-\000s\000e\000m\000a\000n\000t\000i\000c\000\040\000m\000i\000x\0007\0005\000\040\000t\000r\000u\000e\0002\0000\000-\000e\0002\000\040\220\020\153\145\143\007\150\007}{appendix.E}% 113
\BOOKMARK [2][-]{subsection.E.3}{\376\377\000E\000.\0003\000\040\000O\000m\000n\000i\000C\000o\000d\000e\000r\000\040\0009\000B\000\040\0002\000\040\000N\000P\000U\000\040\000c\000o\000n\000t\000i\000n\000u\000a\000t\000i\000o\000n\000\040\000t\000r\000u\000e\0002\0000\000\040\220\020\153\145\143\007\150\007}{appendix.E}% 114
\BOOKMARK [2][-]{subsection.E.4}{\376\377\000E\000.\0004\000\040\000O\000m\000n\000i\000C\000o\000d\000e\000r\000\040\0009\000B\000\040\0008\000\040\000N\000P\000U\000\040\000s\000t\000r\000i\000c\000t\000-\000q\000u\000a\000n\000t\000u\000m\000\040\000f\000a\000s\000t\000i\000t\000e\000r\000\040\220\020\153\145\143\007\150\007}{appendix.E}% 115
